=== LOG SESSION START ===
[   7.1500] [ PROC ] PID=3   spawn image=/drivers/internet.sys.lua parent=3 pid=6 ring=2
[   7.2500] [ INFO ] PID=3   [DKMS] Device '\Device\Net0' created.
[   7.2500] [ INFO ] PID=3   [DKMS] Registered in @VT\DEV\VIRT_002
[   7.2500] [ INFO ] PID=3   [DKMS] Symlink '/dev/net' -> '\Device\Net0' created.
[   7.2500] [ INFO ] PID=3   [DKMS] Loaded 'AxisNet' (PID 6)
[   7.2500] [ INFO ] PID=3   [DKMS] Loading: /drivers/filesystem.sys.lua
[   7.3000] [ INFO ] PID=3   [SEC] WARN: Loading UNSIGNED driver
[   7.3000] [ INFO ] PID=3   Creating process 7 ('/drivers/filesystem.sys.lua') at Ring 2
[   7.3000] [ PROC ] PID=3   spawn image=/drivers/filesystem.sys.lua parent=3 pid=7 ring=2
[   7.3000] [ INFO ] PID=3   [DKMS] Loaded 'AxisFSStub' (PID 7)
[   7.3000] [ INFO ] PID=3   [DKMS] Loading: /drivers/computer.sys.lua
[   7.3500] [ INFO ] PID=3   [SEC] WARN: Loading UNSIGNED driver
[   7.3500] [ INFO ] PID=3   Creating process 8 ('/drivers/computer.sys.lua') at Ring 2
[   7.3500] [ PROC ] PID=3   spawn image=/drivers/computer.sys.lua parent=3 pid=8 ring=2
[   7.4000] [ INFO ] PID=3   [DKMS] Loaded 'AxisComputerStub' (PID 8)
[   7.4000] [ INFO ] PID=3   [DKMS] Loading: /drivers/drive.sys.lua
[   7.4000] [ INFO ] PID=3   [DKMS] Loading: /drivers/eeprom.sys.lua
[   7.4000] [ INFO ] PID=3   [SEC] WARN: Loading UNSIGNED driver
[   7.4000] [ INFO ] PID=3   Creating process 9 ('/drivers/eeprom.sys.lua') at Ring 2
[   7.4000] [ PROC ] PID=3   spawn image=/drivers/eeprom.sys.lua parent=3 pid=9 ring=2
[   7.4500] [ INFO ] PID=3   [DKMS] Loaded 'AxisEEPROMStub' (PID 9)
[   7.4500] [ INFO ] PID=2   [PM] Loading RingFS driver...
[   7.4500] [ INFO ] PID=3   [DKMS] Loading: /drivers/ringfs.sys.lua
[   7.5000] [ INFO ] PID=3   [SEC] WARN: Loading UNSIGNED driver
[   7.5000] [ INFO ] PID=3   Creating process 10 ('/drivers/ringfs.sys.lua') at Ring 2
[   7.5000] [ PROC ] PID=3   spawn image=/drivers/ringfs.sys.lua parent=3 pid=10 ring=2
[   7.5500] [ INFO ] PID=3   [DKMS] Device '\Device\ringlog' created.
[   7.5500] [ INFO ] PID=3   [DKMS] Registered in @VT\DEV\VIRT_003
[   7.5500] [ INFO ] PID=3   [DKMS] Symlink '/dev/ringlog' -> '\Device\ringlog' created.
[   7.5500] [ INFO ] PID=3   [DKMS] Loaded 'AxisRingFS' (PID 10)
[   7.5500] [ INFO ] PID=2   [PM] Initializing log system on /dev/ringlog
[   7.7500] [ INFO ] PID=2   [PM] Ringfs handle opened (persistent).
[   7.8000] [ INFO ] PID=2   [PM] Log system initialized.
[   7.8000] [ INFO ] PID=2   [PM] Processing driver autoload...
[   7.8000] [ INFO ] PID=2   [PM] Loaded /boot/sys/drivers.cfg (2 entries)
[   7.8000] [ INFO ] PID=2   [PM] Drivers: 2 enabled, 0 disabled
[   7.8500] [ INFO ] PID=2   [PM] FAIL: 'RBMK' — file not found: /sys/drivers/hbm_rbmk.syss.lua
[   7.8500] [ INFO ] PID=2   [PM] [2/2] Loading 'blkdev' (pri=200) /drivers/blkdev.sys.lua
[   7.8500] [ INFO ] PID=2   [PM] Loading driver: /drivers/blkdev.sys.lua
[   7.9000] [ INFO ] PID=3   [DKMS] Auto-discovery for type: drive
[   7.9000] [ INFO ] PID=3   [DKMS] Loading: /drivers/blkdev.sys.lua
[   7.9500] [ INFO ] PID=3   [SEC] WARN: Loading UNSIGNED driver
[   7.9500] [ INFO ] PID=3   [HVCI] Driver 'AxisBlockDev' sandboxed with 1 capabilities: DISK_ACCESS
[   7.9500] [ INFO ] PID=3   Creating process 11 ('/drivers/blkdev.sys.lua') at Ring 2
[   7.9500] [ PROC ] PID=3   spawn image=/drivers/blkdev.sys.lua parent=3 pid=11 ring=2
[   8.0000] [ INFO ] PID=3   [DKMS] Device '\Device\drive_256973' created.
[   8.0000] [ INFO ] PID=3   [DKMS] Registered in @VT\DEV\PHYS_004
[   8.0000] [ INFO ] PID=3   [DKMS] Symlink '/dev/drive_256973_0' -> '\Device\drive_256973' created.
[   8.0000] [ INFO ] PID=3   [DKMS] Loaded 'AxisBlockDev' (PID 11)
[   8.0000] [ INFO ] PID=2   [PM] OK: Auto-loaded 1 instances of AxisBlockDev
[   8.0000] [ INFO ] PID=2   [PM] Autoload complete: 1 loaded, 1 failed, 0 disabled
[   8.0500] [ INFO ] PID=2   [PM] Waiting for system stabilization...
[   9.0500] [ INFO ] PID=2   [IO_MGR] I/O Manager started (PID 2)
[   9.0500] [ INFO ] PID=2   [SEC_MON] Security Monitor initialized
[   9.0500] [ INFO ] PID=2   [SESS] Session Manager initialized
[   9.0500] [ INFO ] PID=2   [PM] Silence on deck. Handing off to userspace.
[   9.0500] [ INFO ] PID=2   [PM] Spawning /bin/init.lua...
[   9.0500] [ INFO ] PID=2   Creating process 12 ('/bin/init.lua') at Ring 3
[   9.0500] [ PROC ] PID=2   spawn image=/bin/init.lua parent=2 pid=12 ring=3
[   9.1000] [ INFO ] PID=2   [PM] Init spawned as PID 12
[   9.2000] [ SEC  ] PID=1   PatchGuard auto-arming (post-boot, tick 300)...
[   9.2000] [ SEC  ] PID=1   [PG] Taking snapshot...
[   9.2000] [ SEC  ] PID=1   [PG] Tier1: syscall table, overrides, self, rings...
[   9.2000] [ SEC  ] PID=1   [PG] Tier2: frozen libs, OB namespace...
[   9.2000] [ SEC  ] PID=1   [PG] Tier3: SecureBoot, EEPROM...
[   9.2000] [ SEC  ] PID=1   [PG] Tier3-files: reusing 22 cached hashes (fast re-arm)
[   9.2000] [ SEC  ] PID=1   [PG] Snapshot: 182 syscalls, 17 overrides, 22 files, PM=PID 2, SB=inactive
[   9.2000] [ SEC  ] PID=1   [PG] PatchGuard v3 ARMED — rotating checks, encrypted hashes, mtime scanning
[   9.2000] [ SEC  ] PID=1   PatchGuard ARMED — all integrity monitoring active
