=== LOG SESSION START ===
[  17.8000] [ INFO ] PID=3   Creating process 6 ('/drivers/filesystem.sys.lua') at Ring 2
[  17.8000] [ PROC ] PID=3   spawn image=/drivers/filesystem.sys.lua parent=3 pid=6 ring=2
[  17.8500] [ INFO ] PID=3   [DKMS] Loaded 'AxisFSStub' (PID 6)
[  17.8500] [ INFO ] PID=3   [DKMS] Loading: /drivers/eeprom.sys.lua
[  17.8500] [ INFO ] PID=3   [SEC] WARN: Loading UNSIGNED driver
[  17.8500] [ INFO ] PID=3   Creating process 7 ('/drivers/eeprom.sys.lua') at Ring 2
[  17.8500] [ PROC ] PID=3   spawn image=/drivers/eeprom.sys.lua parent=3 pid=7 ring=2
[  17.9000] [ INFO ] PID=3   [DKMS] Loaded 'AxisEEPROMStub' (PID 7)
[  17.9000] [ INFO ] PID=3   [DKMS] Loading: /drivers/filesystem.sys.lua
[  17.9000] [ INFO ] PID=3   [SEC] WARN: Loading UNSIGNED driver
[  17.9000] [ INFO ] PID=3   Creating process 8 ('/drivers/filesystem.sys.lua') at Ring 2
[  17.9000] [ PROC ] PID=3   spawn image=/drivers/filesystem.sys.lua parent=3 pid=8 ring=2
[  17.9500] [ INFO ] PID=3   [DKMS] Loaded 'AxisFSStub' (PID 8)
[  17.9500] [ INFO ] PID=3   [DKMS] Loading: /drivers/internet.sys.lua
[  18.1000] [ INFO ] PID=3   [SEC] WARN: Loading UNSIGNED driver
[  18.1000] [ INFO ] PID=3   Creating process 9 ('/drivers/internet.sys.lua') at Ring 2
[  18.1000] [ PROC ] PID=3   spawn image=/drivers/internet.sys.lua parent=3 pid=9 ring=2
[  18.2000] [ INFO ] PID=3   [DKMS] Device '\Device\Net0' created.
[  18.2000] [ INFO ] PID=3   [DKMS] Registered in @VT\DEV\VIRT_002
[  18.2000] [ INFO ] PID=3   [DKMS] Symlink '/dev/net' -> '\Device\Net0' created.
[  18.2000] [ INFO ] PID=3   [DKMS] Loaded 'AxisNet' (PID 9)
[  18.2000] [ INFO ] PID=2   [PM] Loading RingFS driver...
[  18.2000] [ INFO ] PID=3   [DKMS] Loading: /drivers/ringfs.sys.lua
[  18.2500] [ INFO ] PID=3   [SEC] WARN: Loading UNSIGNED driver
[  18.2500] [ INFO ] PID=3   Creating process 10 ('/drivers/ringfs.sys.lua') at Ring 2
[  18.2500] [ PROC ] PID=3   spawn image=/drivers/ringfs.sys.lua parent=3 pid=10 ring=2
[  18.3000] [ INFO ] PID=3   [DKMS] Device '\Device\ringlog' created.
[  18.3000] [ INFO ] PID=3   [DKMS] Registered in @VT\DEV\VIRT_003
[  18.3000] [ INFO ] PID=3   [DKMS] Symlink '/dev/ringlog' -> '\Device\ringlog' created.
[  18.3000] [ INFO ] PID=3   [DKMS] Loaded 'AxisRingFS' (PID 10)
[  18.3000] [ INFO ] PID=2   [PM] Initializing log system on /dev/ringlog
[  18.5000] [ INFO ] PID=2   [PM] Ringfs handle opened (persistent).
[  18.5500] [ INFO ] PID=2   [PM] Log system initialized.
[  18.5500] [ INFO ] PID=2   [PM] Processing driver autoload...
[  18.5500] [ INFO ] PID=2   [PM] Loaded /boot/sys/drivers.cfg (2 entries)
[  18.5500] [ INFO ] PID=2   [PM] Drivers: 2 enabled, 0 disabled
[  18.6000] [ INFO ] PID=2   [PM] FAIL: 'RBMK' — file not found: /sys/drivers/hbm_rbmk.syss.lua
[  18.6000] [ INFO ] PID=2   [PM] [2/2] Loading 'blkdev' (pri=200) /drivers/blkdev.sys.lua
[  18.6000] [ INFO ] PID=2   [PM] Loading driver: /drivers/blkdev.sys.lua
[  18.6500] [ INFO ] PID=3   [DKMS] Auto-discovery for type: drive
[  18.6500] [ INFO ] PID=3   [DKMS] Loading: /drivers/blkdev.sys.lua
[  18.7000] [ INFO ] PID=3   [SEC] WARN: Loading UNSIGNED driver
[  18.7000] [ INFO ] PID=3   Creating process 11 ('/drivers/blkdev.sys.lua') at Ring 2
[  18.7000] [ PROC ] PID=3   spawn image=/drivers/blkdev.sys.lua parent=3 pid=11 ring=2
[  18.7500] [ INFO ] PID=3   [DKMS] Device '\Device\drive_256973' created.
[  18.7500] [ INFO ] PID=3   [DKMS] Registered in @VT\DEV\PHYS_004
[  18.7500] [ INFO ] PID=3   [DKMS] Symlink '/dev/drive_256973_0' -> '\Device\drive_256973' created.
[  18.7500] [ INFO ] PID=3   [DKMS] Loaded 'AxisBlockDev' (PID 11)
[  18.7500] [ INFO ] PID=2   [PM] OK: Auto-loaded 1 instances of AxisBlockDev
[  18.7500] [ INFO ] PID=2   [PM] Autoload complete: 1 loaded, 1 failed, 0 disabled
[  18.8000] [ INFO ] PID=2   [PM] Waiting for system stabilization...
[  19.8000] [ INFO ] PID=2   [IO_MGR] I/O Manager started (PID 2)
[  19.8000] [ INFO ] PID=2   [SEC_MON] Security Monitor initialized
[  19.8000] [ INFO ] PID=2   [SESS] Session Manager initialized
[  19.8000] [ INFO ] PID=2   [PM] Silence on deck. Handing off to userspace.
[  19.8000] [ INFO ] PID=2   [PM] Spawning /bin/init.lua...
[  19.8000] [ INFO ] PID=2   Creating process 12 ('/bin/init.lua') at Ring 3
[  19.8000] [ PROC ] PID=2   spawn image=/bin/init.lua parent=2 pid=12 ring=3
[  19.8500] [ INFO ] PID=2   [PM] Init spawned as PID 12
[  19.9500] [ SEC  ] PID=1   PatchGuard auto-arming (post-boot, tick 300)...
[  19.9500] [ SEC  ] PID=1   [PG] Taking snapshot...
[  19.9500] [ SEC  ] PID=1   [PG] Tier1: syscall table, overrides, self, rings...
[  19.9500] [ SEC  ] PID=1   [PG] Tier2: frozen libs, OB namespace...
[  19.9500] [ SEC  ] PID=1   [PG] Tier3: SecureBoot, EEPROM...
[  19.9500] [ SEC  ] PID=1   [PG] Tier3-files: reusing 22 cached hashes (fast re-arm)
[  19.9500] [ SEC  ] PID=1   [PG] Snapshot: 175 syscalls, 17 overrides, 3 libs, 22 files, PM=PID 2, SB=inactive
[  19.9500] [ SEC  ] PID=1   [PG] PatchGuard v2 ARMED — full integrity monitoring active
[  19.9500] [ SEC  ] PID=1   PatchGuard ARMED — all integrity monitoring active
[  20.0000] [ INFO ] PID=12  [INIT] Display Manager mode enabled — launching DM
[  20.0000] [ INFO ] PID=12  Creating process 13 ('/system/dm.lua') at Ring 3
[  20.0000] [ PROC ] PID=12  spawn image=/system/dm.lua parent=12 pid=13 ring=3
[  22.3500] [ INFO ] PID=13  Creating process 14 ('/system/desktop.lua') at Ring 3
[  22.3500] [ PROC ] PID=13  spawn image=/system/desktop.lua parent=13 pid=14 ring=3
[  23.6000] [ INFO ] PID=14  Creating process 15 ('/system/apps/terminal.lua') at Ring 3
[  23.6000] [ PROC ] PID=14  spawn image=/system/apps/terminal.lua parent=14 pid=15 ring=3
[  41.4000] [ INFO ] PID=15  Creating process 16 ('/usr/commands/xe_pages.lua') at Ring 3
[  41.4000] [ PROC ] PID=15  spawn image=/usr/commands/xe_pages.lua parent=15 pid=16 ring=3
[  43.3000] [ INFO ] PID=16  Process 16 exited normally.
[  62.0500] [ INFO ] PID=15  Process 15 exited normally.
[  63.1000] [ INFO ] PID=14  Creating process 17 ('/system/apps/terminal.lua') at Ring 3
[  63.1000] [ PROC ] PID=14  spawn image=/system/apps/terminal.lua parent=14 pid=17 ring=3
[  64.3000] [ INFO ] PID=17  Process 17 exited normally.
[  75.9000] [ INFO ] PID=14  Creating process 18 ('/system/apps/terminal.lua') at Ring 3
[  75.9000] [ PROC ] PID=14  spawn image=/system/apps/terminal.lua parent=14 pid=18 ring=3
